#-----------------------------------------------------------
# Vivado v2017.4 (64-bit)
# SW Build 2086221 on Fri Dec 15 20:55:39 MST 2017
# IP Build 2085800 on Fri Dec 15 22:25:07 MST 2017
# Start of session at: Wed Nov 28 14:24:08 2018
# Process ID: 10076
# Current directory: C:/temp/DDHDL_FinalProject
# Command line: vivado.exe -gui_launcher_event rodinguilauncherevent6796 C:\temp\DDHDL_FinalProject\DDHDL_FinalProject.xpr
# Log file: C:/temp/DDHDL_FinalProject/vivado.log
# Journal file: C:/temp/DDHDL_FinalProject\vivado.jou
#-----------------------------------------------------------
start_gui
open_project C:/temp/DDHDL_FinalProject/DDHDL_FinalProject.xpr
launch_simulation
launch_simulation
launch_simulation
launch_simulation
launch_simulation
open_wave_config C:/temp/DDHDL_FinalProject/Matrix_Multiplier_tb_behav.wcfg
source Matrix_Multiplier_tb.tcl
run 10 us
run 10 us
close_sim
launch_simulation
open_wave_config C:/temp/DDHDL_FinalProject/Matrix_Multiplier_tb_behav.wcfg
source Matrix_Multiplier_tb.tcl
run 10 us
close_sim
launch_simulation
open_wave_config C:/temp/DDHDL_FinalProject/Matrix_Multiplier_tb_behav.wcfg
source Matrix_Multiplier_tb.tcl
run 10 us
run 10 us
close_sim
